Copyright 1986-2022 Xilinx, Inc. All Rights Reserved.
-------------------------------------------------------------------------------------
| Tool Version : Vivado v.2022.2 (win64) Build 3671981 Fri Oct 14 05:00:03 MDT 2022
| Date         : Mon May 29 02:09:22 2023
| Host         : DESKTOP-DR9NJIM running 64-bit major release  (build 9200)
| Command      : report_control_sets -verbose -file test_env_control_sets_placed.rpt
| Design       : test_env
| Device       : xc7a100t
-------------------------------------------------------------------------------------

Control Set Information

Table of Contents
-----------------
1. Summary
2. Histogram
3. Flip-Flop Distribution
4. Detailed Control Set Information

1. Summary
----------

+----------------------------------------------------------+-------+
|                          Status                          | Count |
+----------------------------------------------------------+-------+
| Total control sets                                       |     7 |
|    Minimum number of control sets                        |     7 |
|    Addition due to synthesis replication                 |     0 |
|    Addition due to physical synthesis replication        |     0 |
| Unused register locations in slices containing registers |    21 |
+----------------------------------------------------------+-------+
* Control sets can be merged at opt_design using control_set_merge or merge_equivalent_drivers
** Run report_qor_suggestions for automated merging and remapping suggestions


2. Histogram
------------

+--------------------+-------+
|       Fanout       | Count |
+--------------------+-------+
| Total control sets |     7 |
| >= 0 to < 4        |     1 |
| >= 4 to < 6        |     1 |
| >= 6 to < 8        |     0 |
| >= 8 to < 10       |     0 |
| >= 10 to < 12      |     0 |
| >= 12 to < 14      |     0 |
| >= 14 to < 16      |     0 |
| >= 16              |     5 |
+--------------------+-------+
* Control sets can be remapped at either synth_design or opt_design


3. Flip-Flop Distribution
-------------------------

+--------------+-----------------------+------------------------+-----------------+--------------+
| Clock Enable | Synchronous Set/Reset | Asynchronous Set/Reset | Total Registers | Total Slices |
+--------------+-----------------------+------------------------+-----------------+--------------+
| No           | No                    | No                     |              20 |            7 |
| No           | No                    | Yes                    |               0 |            0 |
| No           | Yes                   | No                     |               0 |            0 |
| Yes          | No                    | No                     |             123 |           40 |
| Yes          | No                    | Yes                    |               0 |            0 |
| Yes          | Yes                   | No                     |              20 |            6 |
+--------------+-----------------------+------------------------+-----------------+--------------+


4. Detailed Control Set Information
-----------------------------------

+----------------+-------------------+---------------------+------------------+----------------+--------------+
|  Clock Signal  |   Enable Signal   |   Set/Reset Signal  | Slice Load Count | Bel Load Count | Bels / Slice |
+----------------+-------------------+---------------------+------------------+----------------+--------------+
|  clk_IBUF_BUFG | monopulse1/eqOp   |                     |                2 |              2 |         1.00 |
|  clk_IBUF_BUFG | monopulse1/en     | monopulse1/Q2_reg_0 |                1 |              4 |         4.00 |
|  clk_IBUF_BUFG | monopulse1/en     | monopulse2/SR[0]    |                5 |             16 |         3.20 |
|  clk_IBUF_BUFG | monopulse1/p_0_in |                     |                4 |             16 |         4.00 |
|  clk_IBUF_BUFG |                   |                     |                7 |             20 |         2.86 |
| ~clk_IBUF_BUFG | monopulse1/p_2_in |                     |                6 |             48 |         8.00 |
|  clk_IBUF_BUFG | monopulse1/en     |                     |               38 |            122 |         3.21 |
+----------------+-------------------+---------------------+------------------+----------------+--------------+


